// Jest Snapshot v1, https://goo.gl/fbAQLP

exports[`HomeScreen Should match a snapshot 1`] = `
<RNCSafeAreaView
  edges={
    [
      "top",
    ]
  }
  style={
    {
      "backgroundColor": "#e4f6f4",
      "flex": 1,
      "paddingHorizontal": 40,
    }
  }
>
  <View
    style={
      [
        {
          "flexDirection": "row",
        },
        {
          "flexDirection": "row",
          "height": 40,
          "marginBottom": 15,
          "marginTop": 30,
        },
      ]
    }
  >
    <TextInput
      onChangeText={[Function]}
      placeholder="Search"
      style={
        {
          "borderBottomWidth": 1,
          "flex": 1,
          "height": 40,
          "paddingHorizontal": 5,
        }
      }
      testID="search-text-input"
      value=""
    />
    <Text
      allowFontScaling={false}
      onPress={[Function]}
      selectable={false}
      style={
        [
          {
            "color": undefined,
            "fontSize": 30,
          },
          {
            "alignSelf": "center",
          },
          {
            "fontFamily": "ionicons",
            "fontStyle": "normal",
            "fontWeight": "normal",
          },
          {},
        ]
      }
      testID="search-button"
    >
      ï”‰
    </Text>
  </View>
  <View
    accessibilityState={
      {
        "busy": undefined,
        "checked": undefined,
        "disabled": true,
        "expanded": undefined,
        "selected": undefined,
      }
    }
    accessibilityValue={
      {
        "max": undefined,
        "min": undefined,
        "now": undefined,
        "text": undefined,
      }
    }
    accessible={true}
    collapsable={false}
    focusable={true}
    onClick={[Function]}
    onResponderGrant={[Function]}
    onResponderMove={[Function]}
    onResponderRelease={[Function]}
    onResponderTerminate={[Function]}
    onResponderTerminationRequest={[Function]}
    onStartShouldSetResponder={[Function]}
    style={
      {
        "alignItems": "center",
        "flexDirection": "row",
        "opacity": 1,
      }
    }
  >
    <View
      style={
        {
          "alignItems": "center",
          "borderColor": "#000",
          "borderWidth": 1,
          "height": 16,
          "justifyContent": "center",
          "marginRight": 5,
          "width": 16,
        }
      }
    />
    <Text
      style={
        {
          "fontSize": 16,
        }
      }
    >
      Save name of favourite city
    </Text>
  </View>
</RNCSafeAreaView>
`;
