// Jest Snapshot v1, https://goo.gl/fbAQLP

exports[`Rendering SaveCityName Should match a snapshot 1`] = `
<View
  accessibilityState={
    {
      "busy": undefined,
      "checked": undefined,
      "disabled": false,
      "expanded": undefined,
      "selected": undefined,
    }
  }
  accessibilityValue={
    {
      "max": undefined,
      "min": undefined,
      "now": undefined,
      "text": undefined,
    }
  }
  accessible={true}
  collapsable={false}
  focusable={true}
  onClick={[Function]}
  onResponderGrant={[Function]}
  onResponderMove={[Function]}
  onResponderRelease={[Function]}
  onResponderTerminate={[Function]}
  onResponderTerminationRequest={[Function]}
  onStartShouldSetResponder={[Function]}
  style={
    {
      "alignItems": "center",
      "flexDirection": "row",
      "opacity": 1,
    }
  }
  testID="save-city-checkbox"
>
  <View
    style={
      {
        "alignItems": "center",
        "borderColor": "#000",
        "borderWidth": 1,
        "height": 16,
        "justifyContent": "center",
        "marginRight": 5,
        "width": 16,
      }
    }
  />
  <Text
    style={
      {
        "fontSize": 16,
      }
    }
  >
    Save name of favourite city
  </Text>
</View>
`;
