// Jest Snapshot v1, https://goo.gl/fbAQLP

exports[`Rendering Button Should match a snapshot 1`] = `
<View
  accessibilityState={
    {
      "busy": undefined,
      "checked": undefined,
      "disabled": undefined,
      "expanded": undefined,
      "selected": undefined,
    }
  }
  accessibilityValue={
    {
      "max": undefined,
      "min": undefined,
      "now": undefined,
      "text": undefined,
    }
  }
  accessible={true}
  collapsable={false}
  focusable={true}
  onClick={[Function]}
  onResponderGrant={[Function]}
  onResponderMove={[Function]}
  onResponderRelease={[Function]}
  onResponderTerminate={[Function]}
  onResponderTerminationRequest={[Function]}
  onStartShouldSetResponder={[Function]}
  style={
    {
      "alignItems": "center",
      "borderRadius": 4,
      "borderWidth": 1,
      "justifyContent": "center",
      "minHeight": 56,
      "opacity": 1,
      "paddingHorizontal": 15,
    }
  }
  testID="button"
>
  <Text>
    Back
  </Text>
</View>
`;
